GAMS 25.1.1  r66732 Released May 19, 2018 LEX-LEG x86 64bit/Linux                                                                                                                                                                      09/30/18 19:42:55 Page 1
G e n e r a l   A l g e b r a i c   M o d e l i n g   S y s t e m
C o m p i l a t i o n


   1   
   2  SETS
   3  i       "feeds" /1*5/
   4  j "products" /1*3/
   5  l "pools" /1*4/
   6  k "qualities" /1*2/
   7  ww "base scenarios" /1*3/
   8   
   9  ;
  10  Sets Tx(i, l), Ty(l, j), Tz(i, j);
  11   
  12  Tx(i, l) = yes; Ty(l, j) = yes; Tz(i, j) = no;
  13   
  14   
  15  PARAMETERS
  16  AU(i)
  17  /1 300, 2 250, 3 250, 4 200, 5 300 /,
  18  AL(i)
  19  /1 0, 2 0, 3 0, 4 0, 5 0 /,
  20  SL(l)
  21  /1 0, 2 0, 3 0, 4 0/,
  22  SU(l)
  23  /1 400, 2 400, 3 350, 4 500/,
  24  base_d(j)
  25  /1 5.7, 2  6.2, 3  6.8/,
  26  base_DU(j)
  27  /1 229, 2 173, 3 284/,
  28  c_fixed_pool(l)
  29  /1 310, 2 470, 3 380, 4 510/,
  30  base_c_variable_pool(l)
  31  / 1 1.1, 2 0.9, 3 1.05, 4 0.8/,
  32  c_variable_pool(l)
  33  /1 1.1, 2 0.9, 3 1.05, 4 0.8/,
  34  c_fixed_inlt(i)
  35  / 1 260, 2 70, 3 150, 4 190, 5 110/,
  36  c_variable_inlt(i)
  37  /1 0.5, 2 0.8, 3 0.6, 4 0.55, 5 0.7/,
  38  base_c_variable_inlt(i)
  39  /1 0.5, 2 0.8, 3 0.6, 4 0.55, 5 0.7/
  40  ;
  41   
  42  Table CC(i, k)          ## Feed Concentration
  43        1     2
  44     1  0.13  0.87
  45     2  0.89  0.11
  46     3  0.69  0.31
  47     4  0.28  0.72
  48     5  0.35  0.65;
  49   
  50  Table PU(j,k)           ## Maximum Allowable Product Concentration
  51       1     2
  52    1  0.56  0.44
  53    2  0.30  0.70
GAMS 25.1.1  r66732 Released May 19, 2018 LEX-LEG x86 64bit/Linux                                                                                                                                                                      09/30/18 19:42:55 Page 2
G e n e r a l   A l g e b r a i c   M o d e l i n g   S y s t e m
C o m p i l a t i o n


  54    3  0.41  0.59;
  55   
  56  Table PL(j, k)          ## Minimum Allowable Product Concentration
  57       1     2
  58    1  0.56  0.44
  59    2  0.30  0.70
  60    3  0.41  0.59;
  61   
  62   
  63  Table c_x(i, l)         ## Cost Parameter
  64          1       2       3       4
  65  1       6.2     9.4     7.6     10.2
  66  2       1.67    2.53    2.05    2.75
  67  3       3.58    5.42    4.39    5.89
  68  4       4.53    6.87    5.55    7.45
  69  5       2.62    3.98    3.22    4.32;
  70   
  71  PARAMETERS
  72  base_prob(ww)
  73  /1 0.3,2 0.4, 3 0.3/,
  74  sigma_d(i),
  75  sigma_b(i),
  76  base_psi_f(i)
  77  /1 0.5, 2 0.5, 3 0.5, 4 0.5, 5 0.5/,
  78  base_psi_d1(i)
  79  /1 0.55, 2 0.55, 3 0.55, 4 0.55, 5 0.55/,
  80  base_psi_d2(i)
  81  /1 0.4, 2 0.4, 3 0.4, 4 0.4, 5 0.4/,
  82  base_psi_b1(i)
  83  /1 0.55, 2 0.55, 3 0.55, 4 0.55, 5 0.55/,
  84  base_psi_b2(i)
  85  /1 0.48, 2 0.48, 3 0.48, 4 0.48, 5 0.48/,
  86  ratio(ww)
  87  /1 0.7, 2 1.0, 3 1.3/
  88  ;
  89  sigma_b(i) = AU(i) / 2;
  90  sigma_d(i) = AU(i) /3 * 2;
  91  alias (ww, ww1, ww2, ww3);
  92  sets
  93  w "scenarios" /1*3/;
  94  Parameter
  95  num, prob(w),
  96  psi_f(i,w),
  97  psi_d1(i,w),
  98  psi_d2(i,w),
  99  psi_b1(i,w),
 100  psi_b2(i,w),
 101  d(j, w),
 102  DU(j,w);
 103  alias(w, w1, w2);
 104  loop(ww1,
 105          num = ord(ww1);
 106          prob(w2)$(ord(w2)=num) = base_prob(ww1);
GAMS 25.1.1  r66732 Released May 19, 2018 LEX-LEG x86 64bit/Linux                                                                                                                                                                      09/30/18 19:42:55 Page 3
G e n e r a l   A l g e b r a i c   M o d e l i n g   S y s t e m
C o m p i l a t i o n


 107          DU(j, w2)$(ord(w2)=num) = base_DU(j) * ratio(ww1);
 108          d(j,w2)$(ord(w2)=num) = base_d(j);
 109          psi_f(i,w2)$(ord(w2)=num) = base_psi_f(i) ;
 110          psi_d2(i,w2)$(ord(w2)=num) = base_psi_d2(i) ;
 111          psi_d1(i,w2)$(ord(w2)=num) = base_psi_d1(i)  ;
 112          psi_b1(i,w2)$(ord(w2)=num) = base_psi_b1(i)  ;
 113          psi_b2(i,w2)$(ord(w2)=num) = base_psi_b2(i)     ;
 114   
 115          );
 116  POSITIVE VARIABLES
 117  S(l)
 118  A(i)
 119  y(l, j, w)
 120  z(i, j, w)
 121  q(i, l, w)
 122  CT(i, w)
 123  CTf(i, w)
 124  CTb(i, w)
 125  CTd(i, w)
 126  Bf(i, w)
 127  Bd(i, w)
 128  Bd1(i, w)
 129  Bd2(i, w)
 130  Bd11(i, w)
 131  Bd12(i, w)
 132  Bb(i, w)
 133  Bb1(i, w)
 134  Bb2(i, w);
 135   
 136  Binary VARIABLES
 137  uf(i, w)
 138  ub(i, w)
 139  ud(i, w)
 140  ub1(i, w)
 141  ub2(i, w)
 142  ud1(i, w)
 143  ud2(i, w)
 144  gamma_intlt(i)
 145  gamma_pool(l);
 146   
 147  VARIABLES
 148  obj ;
 149  equations
 150  f1(i),f2(i),f3(l),f4(l), e2(i,w),e3(l,w),e5(j,w),e6(l,w),e8(j,k,w),e9(j,k,w),
 151  c1(i,w),c2(i,w), c3(i,w),c4(i,w),c5(i,w),c6(i,w),c7(i,w),c8(i,w),c9(i,w),c10(i,w),
 152  c11(i,w),c12(i,w),c13(i,w),c14(i,w),c15(i,w),c16(i,w),c17(i,w),c18(i,w),c19(i,w),c20(i,w),
 153  c21(i,w),c22(i,w),cobj;
 154   
 155  f1(i) .. AL(i)*gamma_intlt(i)=l= A(i);
 156  f2(i) .. A(i) =l= AU(i)*gamma_intlt(i);
 157  f3(l) .. SL(l)* gamma_pool(l)=l=S(l);
 158  f4(l) .. S(l)=l= SU(l)* gamma_pool(l);
 159   
GAMS 25.1.1  r66732 Released May 19, 2018 LEX-LEG x86 64bit/Linux                                                                                                                                                                      09/30/18 19:42:55 Page 4
G e n e r a l   A l g e b r a i c   M o d e l i n g   S y s t e m
C o m p i l a t i o n


 160   
 161  e2(i, w) .. sum((l,j)$(Tx(i,l) and Ty(l,j)), q(i,l,w)*y(l,j,w))  + sum(j$Tz(i,j), z(i,j,w) )=l= A(i);
 162  e3(l, w) .. sum(j$Ty(l,j), y(l,j,w) ) =l= S(l);
 163   
 164  e5(j, w) .. sum(l$Ty(l,j), y(l,j,w)) + sum(i$Tz(i,j), z(i,j,w) )=l= DU(j,w);
 165  e6(l, w) .. sum(i$Tx(i,l), q(i,l,w)) =e= 1 ;
 166   
 167  e8(j, k, w) .. PL(j,k) * (sum(l$Ty(l,j), y(l,j,w)) + sum(i$Tz(i,j), z(i,j,w) )) =l= sum(i$Tz(i,j), CC(i,k) * z(i,j,w)) + sum((l,i)$(Ty(l,j) and Tx(i,l)), CC(i,k)*q(i,l,w)*y(l,j,w));
 168  e9(j, k, w) .. PU(j,k) * (sum(l$Ty(l,j), y(l,j,w) ) + sum(i$Tz(i,j), z(i,j,w) )) =g= sum(i$Tz(i,j), CC(i,k) * z(i,j,w) ) + sum((l,i)$(Ty(l,j) and Tx(i,l)), CC(i,k)*q(i,l,w)*y(l,j,w) );
 169   
 170  c1(i, w) .. sum((l,j)$(Tx(i,l) and Ty(l,j)), q(i,l,w)*y(l,j,w) )  + sum(j$Tz(i,j), z(i,j,w))=e= Bf(i,w)+Bd(i,w)+Bb(i,w);
 171  c2(i, w) .. AL(i)*uf(i,w)=l=Bf(i,w);
 172  c3(i, w) .. AU(i)*uf(i,w)=g=Bf(i,w);
 173  c4(i, w) .. AL(i)*ud(i,w)=l=Bd(i,w);
 174  c5(i, w) .. AU(i)*ud(i,w)=g=Bd(i,w);
 175  c6(i, w) .. AL(i)*ub(i,w)=l=Bb(i,w);
 176  c7(i, w) .. AU(i)*ub(i,w)=g=Bb(i,w);
 177  c8(i, w) .. uf(i,w)+ub(i,w)+ud(i,w)=l= gamma_intlt(i);
 178  c9(i, w) .. CT(i,w)=e=CTf(i,w)+CTb(i,w)+CTd(i,w);
 179   
 180  c10(i, w) .. CTf(i,w)=e=psi_f(i,w)*Bf(i,w);
 181   
 182  c11(i, w) .. CTd(i,w)=e=psi_d1(i,w)*Bd1(i,w)+psi_d2(i,w)*Bd2(i,w);
 183  c12(i, w) .. Bd(i,w)=e= Bd1(i,w)+Bd2(i,w);
 184  c13(i, w) .. Bd1(i,w)=e= Bd11(i,w)+Bd12(i,w);
 185  c14(i, w) .. Bd11(i,w)=l= sigma_d(i)*ud1(i,w);
 186  c15(i, w) .. Bd12(i,w)=e=sigma_d(i)*ud2(i,w);
 187  c16(i, w) .. Bd2(i,w)=l= AU(i)*ud2(i,w);
 188   
 189   
 190  c17(i, w) .. CTb(i,w)=e= psi_b1(i,w)*Bb1(i,w)+psi_b2(i,w)*Bb2(i,w);
 191  c18(i, w) .. Bb(i,w)=e= Bb1(i,w)+Bb2(i,w);
 192  c19(i, w) .. Bb1(i,w)=l= sigma_b(i)*ub1(i,w);
 193  c20(i, w) .. Bb2(i,w)=g= sigma_b(i)*ub2(i,w);
 194  c21(i, w) .. Bb2(i,w)=l= AU(i)*ub2(i,w);
 195  c22(i, w) .. ub1(i,w)+ub2(i,w)=e=ub(i,w);
 196   
 197  cobj ..  obj=e= sum(i, c_fixed_inlt(i) * gamma_intlt(i)+c_variable_inlt(i)*A(i) ) + sum(l, c_fixed_pool(l) * gamma_pool(l) + c_variable_pool(l)*S(l)) + sum(w, prob(w)*(sum(i, CT(i,w) ) -sum(j, d(j,w)*(sum(l$Ty(l,j), y(l,j,w) ) + sum(i$Tz(i,j), z(i,j
      ,w) )) ) ));
 198   
 199   
 200  model pooling /all/;
 201  OPTION LIMROW = 0;
 202  OPTION LIMCOL = 0;
 203  OPTION OPTCA  = 1E-09;
 204  OPTION OPTCR  = 1E-03;
 205  OPTION RESLIM = 1E+04;
 206  OPTION ITERLIM = 1E+09;
 207   
 208  OPTION LP=CPLEX;
 209  OPTION NLP=SNOPT;
 210  OPTION MIP=CPLEX;
 211  *OPTION MINLP=bonmin;
GAMS 25.1.1  r66732 Released May 19, 2018 LEX-LEG x86 64bit/Linux                                                                                                                                                                      09/30/18 19:42:55 Page 5
G e n e r a l   A l g e b r a i c   M o d e l i n g   S y s t e m
C o m p i l a t i o n


 212  *OPTION MINLP=ANTIGONE;
 213  *OPTION MINLP=BARON;
 214  *OPTION MINLP=COUENNE;
 215  OPTION MINLP=SCIP;
 216  solve pooling using MINLP minmizing obj;
 217   
 218   
 219   
 220   
 221   
 222   
 223   
 224   
 225   
 226   
 227   
 228   


COMPILATION TIME     =        0.002 SECONDS      3 MB  25.1.1 r66732 LEX-LEG
GAMS 25.1.1  r66732 Released May 19, 2018 LEX-LEG x86 64bit/Linux                                                                                                                                                                      09/30/18 19:42:55 Page 6
G e n e r a l   A l g e b r a i c   M o d e l i n g   S y s t e m
Model Statistics    SOLVE pooling Using MINLP From line 216


MODEL STATISTICS

BLOCKS OF EQUATIONS          33     SINGLE EQUATIONS          433
BLOCKS OF VARIABLES          27     SINGLE VARIABLES          415
NON ZERO ELEMENTS         2,380     NON LINEAR N-Z          1,344
DERIVATIVE POOL              20     CONSTANT POOL              32
CODE LENGTH               4,350     DISCRETE VARIABLES        114


GENERATION TIME      =        0.007 SECONDS      4 MB  25.1.1 r66732 LEX-LEG


EXECUTION TIME       =        0.008 SECONDS      4 MB  25.1.1 r66732 LEX-LEG
GAMS 25.1.1  r66732 Released May 19, 2018 LEX-LEG x86 64bit/Linux                                                                                                                                                                      09/30/18 19:42:55 Page 7
G e n e r a l   A l g e b r a i c   M o d e l i n g   S y s t e m
Solution Report     SOLVE pooling Using MINLP From line 216


               S O L V E      S U M M A R Y

     MODEL   pooling             OBJECTIVE  obj
     TYPE    MINLP               DIRECTION  MINIMIZE
     SOLVER  SCIP                FROM LINE  216

**** SOLVER STATUS     3 Resource Interrupt        
**** MODEL STATUS      8 Integer Solution          
**** OBJECTIVE VALUE            -1007.7890

 RESOURCE USAGE, LIMIT      10000.197     10000.000
 ITERATION COUNT, LIMIT  64045058    1000000000
 EVALUATION ERRORS              0             0

SCIP             25.1.1 r66732 Released May 19, 2018 LEG x86 64bit/Linux      

---- EQU f1  

         LOWER          LEVEL          UPPER

1        -INF         -300.0000          .          
2        -INF         -226.8148          .          
3        -INF             .              .          
4        -INF             .              .          
5        -INF         -159.1852          .          

---- EQU f2  

         LOWER          LEVEL          UPPER

1        -INF             .              .          
2        -INF          -23.1852          .          
3        -INF             .              .          
4        -INF             .              .          
5        -INF         -140.8148          .          

---- EQU f3  

         LOWER          LEVEL          UPPER

1        -INF         -186.0000          .          
2        -INF             .              .          
3        -INF             .              .          
4        -INF         -500.0000          .          

---- EQU f4  

         LOWER          LEVEL          UPPER

1        -INF         -214.0000          .          
2        -INF             .              .          
3        -INF             .              .          
4        -INF             .              .          
GAMS 25.1.1  r66732 Released May 19, 2018 LEX-LEG x86 64bit/Linux                                                                                                                                                                      09/30/18 19:42:55 Page 8
G e n e r a l   A l g e b r a i c   M o d e l i n g   S y s t e m
Solution Report     SOLVE pooling Using MINLP From line 216


---- EQU e2  

           LOWER          LEVEL          UPPER

1.1        -INF         -150.0000          .          
1.2        -INF             .              .          
1.3        -INF          -29.5036          .          
2.1        -INF         -101.8148          .          
2.2        -INF             .              .          
2.3        -INF         -101.8148          .          
3.1        -INF             .              .          
3.2        -INF             .              .          
3.3        -INF             .              .          
4.1        -INF             .              .          
4.2        -INF             .              .          
4.3        -INF             .              .          
5.1        -INF           -9.1852          .          
5.2        -INF             .              .          
5.3        -INF           -9.1852          .          

---- EQU e3  

           LOWER          LEVEL          UPPER

1.1        -INF          -30.1563          .          
1.2        -INF             .              .          
1.3        -INF          -23.8147          .          
2.1        -INF             .              .          
2.2        -INF             .              .          
2.3        -INF             .              .          
3.1        -INF             .              .          
3.2        -INF             .              .          
3.3        -INF             .              .          
4.1        -INF         -230.8437          .          
4.2        -INF             .              .          
4.3        -INF         -116.6889          .          

---- EQU e5  

           LOWER          LEVEL          UPPER

1.1        -INF          130.3154       160.3000      
1.2        -INF          229.0000       229.0000      
1.3        -INF             .           297.7000      
2.1        -INF           95.8846       121.1000      
2.2        -INF          173.0000       173.0000      
2.3        -INF          224.9000       224.9000      
3.1        -INF          198.8000       198.8000      
3.2        -INF          284.0000       284.0000      
3.3        -INF          320.5964       369.2000      
GAMS 25.1.1  r66732 Released May 19, 2018 LEX-LEG x86 64bit/Linux                                                                                                                                                                      09/30/18 19:42:55 Page 9
G e n e r a l   A l g e b r a i c   M o d e l i n g   S y s t e m
Solution Report     SOLVE pooling Using MINLP From line 216


---- EQU e6  

           LOWER          LEVEL          UPPER

1.1         1.0000         1.0000         1.0000      
1.2         1.0000         1.0000         1.0000      
1.3         1.0000         1.0000         1.0000      
2.1         1.0000         1.0000         1.0000      
2.2         1.0000         1.0000         1.0000      
2.3         1.0000         1.0000         1.0000      
3.1         1.0000         1.0000         1.0000      
3.2         1.0000         1.0000         1.0000      
3.3         1.0000         1.0000         1.0000      
4.1         1.0000         1.0000         1.0000      
4.2         1.0000         1.0000         1.0000      
4.3         1.0000         1.0000         1.0000      

---- EQU e8  

             LOWER          LEVEL          UPPER

1.1.1        -INF             .              .          
1.1.2        -INF             .              .          
1.1.3        -INF             .              .          
1.2.1        -INF             .              .          
1.2.2        -INF             .              .          
1.2.3        -INF             .              .          
2.1.1        -INF             .              .          
2.1.2        -INF             .              .          
2.1.3        -INF             .              .          
2.2.1        -INF             .              .          
2.2.2        -INF             .              .          
2.2.3        -INF             .              .          
3.1.1        -INF             .              .          
3.1.2        -INF             .              .          
3.1.3        -INF             .              .          
3.2.1        -INF             .              .          
3.2.2        -INF             .              .          
3.2.3        -INF             .              .          

---- EQU e9  

             LOWER          LEVEL          UPPER

1.1.1          .              .            +INF         
1.1.2          .              .            +INF         
1.1.3          .              .            +INF         
1.2.1          .              .            +INF         
1.2.2          .              .            +INF         
1.2.3          .              .            +INF         
2.1.1          .              .            +INF         
2.1.2          .              .            +INF         
2.1.3          .              .            +INF         
GAMS 25.1.1  r66732 Released May 19, 2018 LEX-LEG x86 64bit/Linux                                                                                                                                                                     09/30/18 19:42:55 Page 10
G e n e r a l   A l g e b r a i c   M o d e l i n g   S y s t e m
Solution Report     SOLVE pooling Using MINLP From line 216


     EQU e9  

             LOWER          LEVEL          UPPER

2.2.1          .              .            +INF         
2.2.2          .              .            +INF         
2.2.3          .              .            +INF         
3.1.1          .              .            +INF         
3.1.2          .              .            +INF         
3.1.3          .              .            +INF         
3.2.1          .              .            +INF         
3.2.2          .              .            +INF         
3.2.3          .              .            +INF         

---- EQU c1  

           LOWER          LEVEL          UPPER

1.1          .              .              .          
1.2          .              .              .          
1.3          .              .              .          
2.1          .              .              .          
2.2          .              .              .          
2.3          .              .              .          
3.1          .              .              .          
3.2          .              .              .          
3.3          .              .              .          
4.1          .              .              .          
4.2          .              .              .          
4.3          .              .              .          
5.1          .              .              .          
5.2          .              .              .          
5.3          .              .              .          

---- EQU c2  

           LOWER          LEVEL          UPPER

1.1        -INF             .              .          
1.2        -INF             .              .          
1.3        -INF             .              .          
2.1        -INF             .              .          
2.2        -INF             .              .          
2.3        -INF             .              .          
3.1        -INF             .              .          
3.2        -INF             .              .          
3.3        -INF             .              .          
4.1        -INF             .              .          
4.2        -INF             .              .          
4.3        -INF             .              .          
5.1        -INF             .              .          
5.2        -INF         -159.1852          .          
5.3        -INF             .              .          
GAMS 25.1.1  r66732 Released May 19, 2018 LEX-LEG x86 64bit/Linux                                                                                                                                                                     09/30/18 19:42:55 Page 11
G e n e r a l   A l g e b r a i c   M o d e l i n g   S y s t e m
Solution Report     SOLVE pooling Using MINLP From line 216


---- EQU c3  

           LOWER          LEVEL          UPPER

1.1          .              .            +INF         
1.2          .              .            +INF         
1.3          .              .            +INF         
2.1          .              .            +INF         
2.2          .              .            +INF         
2.3          .              .            +INF         
3.1          .              .            +INF         
3.2          .              .            +INF         
3.3          .              .            +INF         
4.1          .              .            +INF         
4.2          .              .            +INF         
4.3          .              .            +INF         
5.1          .              .            +INF         
5.2          .           140.8148        +INF         
5.3          .              .            +INF         

---- EQU c4  

           LOWER          LEVEL          UPPER

1.1        -INF             .              .          
1.2        -INF             .              .          
1.3        -INF             .              .          
2.1        -INF             .              .          
2.2        -INF             .              .          
2.3        -INF             .              .          
3.1        -INF             .              .          
3.2        -INF             .              .          
3.3        -INF             .              .          
4.1        -INF             .              .          
4.2        -INF             .              .          
4.3        -INF             .              .          
5.1        -INF             .              .          
5.2        -INF             .              .          
5.3        -INF             .              .          

---- EQU c5  

           LOWER          LEVEL          UPPER

1.1          .              .            +INF         
1.2          .              .            +INF         
1.3          .              .            +INF         
2.1          .              .            +INF         
2.2          .              .            +INF         
2.3          .              .            +INF         
3.1          .              .            +INF         
3.2          .              .            +INF         
3.3          .              .            +INF         
GAMS 25.1.1  r66732 Released May 19, 2018 LEX-LEG x86 64bit/Linux                                                                                                                                                                     09/30/18 19:42:55 Page 12
G e n e r a l   A l g e b r a i c   M o d e l i n g   S y s t e m
Solution Report     SOLVE pooling Using MINLP From line 216


     EQU c5  

           LOWER          LEVEL          UPPER

4.1          .              .            +INF         
4.2          .              .            +INF         
4.3          .              .            +INF         
5.1          .              .            +INF         
5.2          .              .            +INF         
5.3          .              .            +INF         

---- EQU c6  

           LOWER          LEVEL          UPPER

1.1        -INF         -150.0000          .          
1.2        -INF         -300.0000          .          
1.3        -INF         -270.4964          .          
2.1        -INF         -125.0000          .          
2.2        -INF         -226.8148          .          
2.3        -INF         -125.0000          .          
3.1        -INF             .              .          
3.2        -INF             .              .          
3.3        -INF             .              .          
4.1        -INF             .              .          
4.2        -INF             .              .          
4.3        -INF             .              .          
5.1        -INF         -150.0000          .          
5.2        -INF             .              .          
5.3        -INF         -150.0000          .          

---- EQU c7  

           LOWER          LEVEL          UPPER

1.1          .           150.0000        +INF         
1.2          .              .            +INF         
1.3          .            29.5036        +INF         
2.1          .           125.0000        +INF         
2.2          .            23.1852        +INF         
2.3          .           125.0000        +INF         
3.1          .              .            +INF         
3.2          .              .            +INF         
3.3          .              .            +INF         
4.1          .              .            +INF         
4.2          .              .            +INF         
4.3          .              .            +INF         
5.1          .           150.0000        +INF         
5.2          .              .            +INF         
5.3          .           150.0000        +INF         
GAMS 25.1.1  r66732 Released May 19, 2018 LEX-LEG x86 64bit/Linux                                                                                                                                                                     09/30/18 19:42:55 Page 13
G e n e r a l   A l g e b r a i c   M o d e l i n g   S y s t e m
Solution Report     SOLVE pooling Using MINLP From line 216


---- EQU c8  

           LOWER          LEVEL          UPPER

1.1        -INF             .              .          
1.2        -INF             .              .          
1.3        -INF             .              .          
2.1        -INF             .              .          
2.2        -INF             .              .          
2.3        -INF             .              .          
3.1        -INF             .              .          
3.2        -INF             .              .          
3.3        -INF             .              .          
4.1        -INF             .              .          
4.2        -INF             .              .          
4.3        -INF             .              .          
5.1        -INF             .              .          
5.2        -INF             .              .          
5.3        -INF             .              .          

---- EQU c9  

           LOWER          LEVEL          UPPER

1.1          .              .              .          
1.2          .              .              .          
1.3          .              .              .          
2.1          .              .              .          
2.2          .              .              .          
2.3          .              .              .          
3.1          .              .              .          
3.2          .              .              .          
3.3          .              .              .          
4.1          .              .              .          
4.2          .              .              .          
4.3          .              .              .          
5.1          .              .              .          
5.2          .              .              .          
5.3          .              .              .          

---- EQU c10  

           LOWER          LEVEL          UPPER

1.1          .              .              .          
1.2          .              .              .          
1.3          .              .              .          
2.1          .              .              .          
2.2          .              .              .          
2.3          .              .              .          
3.1          .              .              .          
3.2          .              .              .          
3.3          .              .              .          
GAMS 25.1.1  r66732 Released May 19, 2018 LEX-LEG x86 64bit/Linux                                                                                                                                                                     09/30/18 19:42:55 Page 14
G e n e r a l   A l g e b r a i c   M o d e l i n g   S y s t e m
Solution Report     SOLVE pooling Using MINLP From line 216


     EQU c10  

           LOWER          LEVEL          UPPER

4.1          .              .              .          
4.2          .              .              .          
4.3          .              .              .          
5.1          .              .              .          
5.2          .              .              .          
5.3          .              .              .          

---- EQU c11  

           LOWER          LEVEL          UPPER

1.1          .              .              .          
1.2          .              .              .          
1.3          .              .              .          
2.1          .              .              .          
2.2          .              .              .          
2.3          .              .              .          
3.1          .              .              .          
3.2          .              .              .          
3.3          .              .              .          
4.1          .              .              .          
4.2          .              .              .          
4.3          .              .              .          
5.1          .              .              .          
5.2          .              .              .          
5.3          .              .              .          

---- EQU c12  

           LOWER          LEVEL          UPPER

1.1          .              .              .          
1.2          .              .              .          
1.3          .              .              .          
2.1          .              .              .          
2.2          .              .              .          
2.3          .              .              .          
3.1          .              .              .          
3.2          .              .              .          
3.3          .              .              .          
4.1          .              .              .          
4.2          .              .              .          
4.3          .              .              .          
5.1          .              .              .          
5.2          .              .              .          
5.3          .              .              .          
GAMS 25.1.1  r66732 Released May 19, 2018 LEX-LEG x86 64bit/Linux                                                                                                                                                                     09/30/18 19:42:55 Page 15
G e n e r a l   A l g e b r a i c   M o d e l i n g   S y s t e m
Solution Report     SOLVE pooling Using MINLP From line 216


---- EQU c13  

           LOWER          LEVEL          UPPER

1.1          .              .              .          
1.2          .              .              .          
1.3          .              .              .          
2.1          .              .              .          
2.2          .              .              .          
2.3          .              .              .          
3.1          .              .              .          
3.2          .              .              .          
3.3          .              .              .          
4.1          .              .              .          
4.2          .              .              .          
4.3          .              .              .          
5.1          .              .              .          
5.2          .              .              .          
5.3          .              .              .          

---- EQU c14  

           LOWER          LEVEL          UPPER

1.1        -INF         -200.0000          .          
1.2        -INF         -200.0000          .          
1.3        -INF         -200.0000          .          
2.1        -INF         -166.6667          .          
2.2        -INF         -166.6667          .          
2.3        -INF         -166.6667          .          
3.1        -INF         -166.6667          .          
3.2        -INF         -166.6667          .          
3.3        -INF         -166.6667          .          
4.1        -INF         -133.3333          .          
4.2        -INF         -133.3333          .          
4.3        -INF         -133.3333          .          
5.1        -INF         -200.0000          .          
5.2        -INF         -200.0000          .          
5.3        -INF         -200.0000          .          

---- EQU c15  

           LOWER          LEVEL          UPPER

1.1          .              .              .          
1.2          .              .              .          
1.3          .              .              .          
2.1          .              .              .          
2.2          .              .              .          
2.3          .              .              .          
3.1          .              .              .          
3.2          .              .              .          
3.3          .              .              .          
GAMS 25.1.1  r66732 Released May 19, 2018 LEX-LEG x86 64bit/Linux                                                                                                                                                                     09/30/18 19:42:55 Page 16
G e n e r a l   A l g e b r a i c   M o d e l i n g   S y s t e m
Solution Report     SOLVE pooling Using MINLP From line 216


     EQU c15  

           LOWER          LEVEL          UPPER

4.1          .              .              .          
4.2          .              .              .          
4.3          .              .              .          
5.1          .              .              .          
5.2          .              .              .          
5.3          .              .              .          

---- EQU c16  

           LOWER          LEVEL          UPPER

1.1        -INF             .              .          
1.2        -INF             .              .          
1.3        -INF             .              .          
2.1        -INF             .              .          
2.2        -INF             .              .          
2.3        -INF             .              .          
3.1        -INF             .              .          
3.2        -INF             .              .          
3.3        -INF             .              .          
4.1        -INF             .              .          
4.2        -INF             .              .          
4.3        -INF             .              .          
5.1        -INF             .              .          
5.2        -INF             .              .          
5.3        -INF             .              .          

---- EQU c17  

           LOWER          LEVEL          UPPER

1.1          .              .              .          
1.2          .              .              .          
1.3          .              .              .          
2.1          .              .              .          
2.2          .              .              .          
2.3          .              .              .          
3.1          .              .              .          
3.2          .              .              .          
3.3          .              .              .          
4.1          .              .              .          
4.2          .              .              .          
4.3          .              .              .          
5.1          .              .              .          
5.2          .              .              .          
5.3          .              .              .          
GAMS 25.1.1  r66732 Released May 19, 2018 LEX-LEG x86 64bit/Linux                                                                                                                                                                     09/30/18 19:42:55 Page 17
G e n e r a l   A l g e b r a i c   M o d e l i n g   S y s t e m
Solution Report     SOLVE pooling Using MINLP From line 216


---- EQU c18  

           LOWER          LEVEL          UPPER

1.1          .              .              .          
1.2          .              .              .          
1.3          .              .              .          
2.1          .              .              .          
2.2          .              .              .          
2.3          .              .              .          
3.1          .              .              .          
3.2          .              .              .          
3.3          .              .              .          
4.1          .              .              .          
4.2          .              .              .          
4.3          .              .              .          
5.1          .              .              .          
5.2          .              .              .          
5.3          .              .              .          

---- EQU c19  

           LOWER          LEVEL          UPPER

1.1        -INF             .              .          
1.2        -INF             .              .          
1.3        -INF             .              .          
2.1        -INF             .              .          
2.2        -INF             .              .          
2.3        -INF             .              .          
3.1        -INF             .              .          
3.2        -INF             .              .          
3.3        -INF             .              .          
4.1        -INF             .              .          
4.2        -INF             .              .          
4.3        -INF             .              .          
5.1        -INF             .              .          
5.2        -INF             .              .          
5.3        -INF             .              .          

---- EQU c20  

           LOWER          LEVEL          UPPER

1.1          .              .            +INF         
1.2          .           150.0000        +INF         
1.3          .           120.4964        +INF         
2.1          .              .            +INF         
2.2          .           101.8148        +INF         
2.3          .              .            +INF         
3.1          .              .            +INF         
3.2          .              .            +INF         
3.3          .              .            +INF         
GAMS 25.1.1  r66732 Released May 19, 2018 LEX-LEG x86 64bit/Linux                                                                                                                                                                     09/30/18 19:42:55 Page 18
G e n e r a l   A l g e b r a i c   M o d e l i n g   S y s t e m
Solution Report     SOLVE pooling Using MINLP From line 216


     EQU c20  

           LOWER          LEVEL          UPPER

4.1          .              .            +INF         
4.2          .              .            +INF         
4.3          .              .            +INF         
5.1          .              .            +INF         
5.2          .              .            +INF         
5.3          .              .            +INF         

---- EQU c21  

           LOWER          LEVEL          UPPER

1.1        -INF             .              .          
1.2        -INF             .              .          
1.3        -INF          -29.5036          .          
2.1        -INF             .              .          
2.2        -INF          -23.1852          .          
2.3        -INF             .              .          
3.1        -INF             .              .          
3.2        -INF             .              .          
3.3        -INF             .              .          
4.1        -INF             .              .          
4.2        -INF             .              .          
4.3        -INF             .              .          
5.1        -INF             .              .          
5.2        -INF             .              .          
5.3        -INF             .              .          

---- EQU c22  

           LOWER          LEVEL          UPPER

1.1          .              .              .          
1.2          .              .              .          
1.3          .              .              .          
2.1          .              .              .          
2.2          .              .              .          
2.3          .              .              .          
3.1          .              .              .          
3.2          .              .              .          
3.3          .              .              .          
4.1          .              .              .          
4.2          .              .              .          
4.3          .              .              .          
5.1          .              .              .          
5.2          .              .              .          
5.3          .              .              .          
GAMS 25.1.1  r66732 Released May 19, 2018 LEX-LEG x86 64bit/Linux                                                                                                                                                                     09/30/18 19:42:55 Page 19
G e n e r a l   A l g e b r a i c   M o d e l i n g   S y s t e m
Solution Report     SOLVE pooling Using MINLP From line 216


                           LOWER          LEVEL          UPPER

---- EQU cobj                .              .              .          

---- VAR S  

         LOWER          LEVEL          UPPER

1          .           186.0000        +INF         
2          .              .            +INF         
3          .              .            +INF         
4          .           500.0000        +INF         

---- VAR A  

         LOWER          LEVEL          UPPER

1          .           300.0000        +INF         
2          .           226.8148        +INF         
3          .              .            +INF         
4          .              .            +INF         
5          .           159.1852        +INF         

---- VAR y  

             LOWER          LEVEL          UPPER

1.1.1          .            87.5603        +INF         
1.1.2          .           115.8940        +INF         
1.1.3          .              .            +INF         
1.2.1          .             5.3596        +INF         
1.2.2          .             4.7752        +INF         
1.2.3          .           132.2019        +INF         
1.3.1          .            62.9238        +INF         
1.3.2          .            65.3308        +INF         
1.3.3          .            29.9834        +INF         
2.1.1          .              .            +INF         
2.1.2          .              .            +INF         
2.1.3          .              .            +INF         
2.2.1          .              .            +INF         
2.2.2          .              .            +INF         
2.2.3          .              .            +INF         
2.3.1          .              .            +INF         
2.3.2          .              .            +INF         
2.3.3          .              .            +INF         
3.1.1          .              .            +INF         
3.1.2          .              .            +INF         
3.1.3          .              .            +INF         
3.2.1          .              .            +INF         
3.2.2          .              .            +INF         
3.2.3          .              .            +INF         
3.3.1          .              .            +INF         
3.3.2          .              .            +INF         
GAMS 25.1.1  r66732 Released May 19, 2018 LEX-LEG x86 64bit/Linux                                                                                                                                                                     09/30/18 19:42:55 Page 20
G e n e r a l   A l g e b r a i c   M o d e l i n g   S y s t e m
Solution Report     SOLVE pooling Using MINLP From line 216


     VAR y  

             LOWER          LEVEL          UPPER

3.3.3          .              .            +INF         
4.1.1          .            42.7551        +INF         
4.1.2          .           113.1060        +INF         
4.1.3          .              .            +INF         
4.2.1          .            90.5250        +INF         
4.2.2          .           168.2248        +INF         
4.2.3          .            92.6981        +INF         
4.3.1          .           135.8762        +INF         
4.3.2          .           218.6692        +INF         
4.3.3          .           290.6130        +INF         

---- VAR q  

             LOWER          LEVEL          UPPER

1.1.1          .             0.1035        +INF         
1.1.2          .             0.0379        +INF         
1.1.3          .             0.7589        +INF         
1.2.1          .             1.0000        +INF         
1.2.2          .             1.0000        +INF         
1.2.3          .             1.0000        +INF         
1.3.1          .             1.0000        +INF         
1.3.2          .             1.0000        +INF         
1.3.3          .             1.0000        +INF         
1.4.1          .             0.4974        +INF         
1.4.2          .             0.5859        +INF         
1.4.3          .             0.3846        +INF         
2.1.1          .             0.6875        +INF         
2.1.2          .             0.9013        +INF         
2.1.3          .             0.0467        +INF         
2.2.1          .              .            +INF         
2.2.2          .              .            +INF         
2.2.3          .              .            +INF         
2.3.1          .              .            +INF         
2.3.2          .              .            +INF         
2.3.3          .              .            +INF         
2.4.1          .             0.0664        +INF         
2.4.2          .             0.1183        +INF         
2.4.3          .             0.3063        +INF         
3.1.1          .              .            +INF         
3.1.2          .              .            +INF         
3.1.3          .              .            +INF         
3.2.1          .              .            +INF         
3.2.2          .              .            +INF         
3.2.3          .              .            +INF         
3.3.1          .              .            +INF         
3.3.2          .              .            +INF         
3.3.3          .              .            +INF         
3.4.1          .              .            +INF         
GAMS 25.1.1  r66732 Released May 19, 2018 LEX-LEG x86 64bit/Linux                                                                                                                                                                     09/30/18 19:42:55 Page 21
G e n e r a l   A l g e b r a i c   M o d e l i n g   S y s t e m
Solution Report     SOLVE pooling Using MINLP From line 216


     VAR q  

             LOWER          LEVEL          UPPER

3.4.2          .              .            +INF         
3.4.3          .              .            +INF         
4.1.1          .              .            +INF         
4.1.2          .              .            +INF         
4.1.3          .              .            +INF         
4.2.1          .              .            +INF         
4.2.2          .              .            +INF         
4.2.3          .              .            +INF         
4.3.1          .              .            +INF         
4.3.2          .              .            +INF         
4.3.3          .              .            +INF         
4.4.1          .              .            +INF         
4.4.2          .              .            +INF         
4.4.3          .              .            +INF         
5.1.1          .             0.2091        +INF         
5.1.2          .             0.0608        +INF         
5.1.3          .             0.1943        +INF         
5.2.1          .              .            +INF         
5.2.2          .              .            +INF         
5.2.3          .              .            +INF         
5.3.1          .              .            +INF         
5.3.2          .              .            +INF         
5.3.3          .              .            +INF         
5.4.1          .             0.4362        +INF         
5.4.2          .             0.2958        +INF         
5.4.3          .             0.3091        +INF         

---- VAR CT  

           LOWER          LEVEL          UPPER

1.1          .            82.5000        +INF         
1.2          .           144.0000        +INF         
1.3          .           129.8383        +INF         
2.1          .            68.7500        +INF         
2.2          .           108.8711        +INF         
2.3          .            68.7500        +INF         
3.1          .              .            +INF         
3.2          .              .            +INF         
3.3          .              .            +INF         
4.1          .              .            +INF         
4.2          .              .            +INF         
4.3          .              .            +INF         
5.1          .            82.5000        +INF         
5.2          .            79.5926        +INF         
5.3          .            82.5000        +INF         
GAMS 25.1.1  r66732 Released May 19, 2018 LEX-LEG x86 64bit/Linux                                                                                                                                                                     09/30/18 19:42:55 Page 22
G e n e r a l   A l g e b r a i c   M o d e l i n g   S y s t e m
Solution Report     SOLVE pooling Using MINLP From line 216


---- VAR CTf  

           LOWER          LEVEL          UPPER

1.1          .              .            +INF         
1.2          .              .            +INF         
1.3          .              .            +INF         
2.1          .              .            +INF         
2.2          .              .            +INF         
2.3          .              .            +INF         
3.1          .              .            +INF         
3.2          .              .            +INF         
3.3          .              .            +INF         
4.1          .              .            +INF         
4.2          .              .            +INF         
4.3          .              .            +INF         
5.1          .              .            +INF         
5.2          .            79.5926        +INF         
5.3          .              .            +INF         

---- VAR CTb  

           LOWER          LEVEL          UPPER

1.1          .            82.5000        +INF         
1.2          .           144.0000        +INF         
1.3          .           129.8383        +INF         
2.1          .            68.7500        +INF         
2.2          .           108.8711        +INF         
2.3          .            68.7500        +INF         
3.1          .              .            +INF         
3.2          .              .            +INF         
3.3          .              .            +INF         
4.1          .              .            +INF         
4.2          .              .            +INF         
4.3          .              .            +INF         
5.1          .            82.5000        +INF         
5.2          .              .            +INF         
5.3          .            82.5000        +INF         

---- VAR CTd  

           LOWER          LEVEL          UPPER

1.1          .              .            +INF         
1.2          .              .            +INF         
1.3          .              .            +INF         
2.1          .              .            +INF         
2.2          .              .            +INF         
2.3          .              .            +INF         
3.1          .              .            +INF         
3.2          .              .            +INF         
3.3          .              .            +INF         
GAMS 25.1.1  r66732 Released May 19, 2018 LEX-LEG x86 64bit/Linux                                                                                                                                                                     09/30/18 19:42:55 Page 23
G e n e r a l   A l g e b r a i c   M o d e l i n g   S y s t e m
Solution Report     SOLVE pooling Using MINLP From line 216


     VAR CTd  

           LOWER          LEVEL          UPPER

4.1          .              .            +INF         
4.2          .              .            +INF         
4.3          .              .            +INF         
5.1          .              .            +INF         
5.2          .              .            +INF         
5.3          .              .            +INF         

---- VAR Bf  

           LOWER          LEVEL          UPPER

1.1          .              .            +INF         
1.2          .              .            +INF         
1.3          .              .            +INF         
2.1          .              .            +INF         
2.2          .              .            +INF         
2.3          .              .            +INF         
3.1          .              .            +INF         
3.2          .              .            +INF         
3.3          .              .            +INF         
4.1          .              .            +INF         
4.2          .              .            +INF         
4.3          .              .            +INF         
5.1          .              .            +INF         
5.2          .           159.1852        +INF         
5.3          .              .            +INF         

---- VAR Bd  

           LOWER          LEVEL          UPPER

1.1          .              .            +INF         
1.2          .              .            +INF         
1.3          .              .            +INF         
2.1          .              .            +INF         
2.2          .              .            +INF         
2.3          .              .            +INF         
3.1          .              .            +INF         
3.2          .              .            +INF         
3.3          .              .            +INF         
4.1          .              .            +INF         
4.2          .              .            +INF         
4.3          .              .            +INF         
5.1          .              .            +INF         
5.2          .              .            +INF         
5.3          .              .            +INF         
GAMS 25.1.1  r66732 Released May 19, 2018 LEX-LEG x86 64bit/Linux                                                                                                                                                                     09/30/18 19:42:55 Page 24
G e n e r a l   A l g e b r a i c   M o d e l i n g   S y s t e m
Solution Report     SOLVE pooling Using MINLP From line 216


---- VAR Bd1  

           LOWER          LEVEL          UPPER

1.1          .              .            +INF         
1.2          .              .            +INF         
1.3          .              .            +INF         
2.1          .              .            +INF         
2.2          .              .            +INF         
2.3          .              .            +INF         
3.1          .              .            +INF         
3.2          .              .            +INF         
3.3          .              .            +INF         
4.1          .              .            +INF         
4.2          .              .            +INF         
4.3          .              .            +INF         
5.1          .              .            +INF         
5.2          .              .            +INF         
5.3          .              .            +INF         

---- VAR Bd2  

           LOWER          LEVEL          UPPER

1.1          .              .            +INF         
1.2          .              .            +INF         
1.3          .              .            +INF         
2.1          .              .            +INF         
2.2          .              .            +INF         
2.3          .              .            +INF         
3.1          .              .            +INF         
3.2          .              .            +INF         
3.3          .              .            +INF         
4.1          .              .            +INF         
4.2          .              .            +INF         
4.3          .              .            +INF         
5.1          .              .            +INF         
5.2          .              .            +INF         
5.3          .              .            +INF         

---- VAR Bd11  

           LOWER          LEVEL          UPPER

1.1          .              .            +INF         
1.2          .              .            +INF         
1.3          .              .            +INF         
2.1          .              .            +INF         
2.2          .              .            +INF         
2.3          .              .            +INF         
3.1          .              .            +INF         
3.2          .              .            +INF         
3.3          .              .            +INF         
GAMS 25.1.1  r66732 Released May 19, 2018 LEX-LEG x86 64bit/Linux                                                                                                                                                                     09/30/18 19:42:55 Page 25
G e n e r a l   A l g e b r a i c   M o d e l i n g   S y s t e m
Solution Report     SOLVE pooling Using MINLP From line 216


     VAR Bd11  

           LOWER          LEVEL          UPPER

4.1          .              .            +INF         
4.2          .              .            +INF         
4.3          .              .            +INF         
5.1          .              .            +INF         
5.2          .              .            +INF         
5.3          .              .            +INF         

---- VAR Bd12  

           LOWER          LEVEL          UPPER

1.1          .              .            +INF         
1.2          .              .            +INF         
1.3          .              .            +INF         
2.1          .              .            +INF         
2.2          .              .            +INF         
2.3          .              .            +INF         
3.1          .              .            +INF         
3.2          .              .            +INF         
3.3          .              .            +INF         
4.1          .              .            +INF         
4.2          .              .            +INF         
4.3          .              .            +INF         
5.1          .              .            +INF         
5.2          .              .            +INF         
5.3          .              .            +INF         

---- VAR Bb  

           LOWER          LEVEL          UPPER

1.1          .           150.0000        +INF         
1.2          .           300.0000        +INF         
1.3          .           270.4964        +INF         
2.1          .           125.0000        +INF         
2.2          .           226.8148        +INF         
2.3          .           125.0000        +INF         
3.1          .              .            +INF         
3.2          .              .            +INF         
3.3          .              .            +INF         
4.1          .              .            +INF         
4.2          .              .            +INF         
4.3          .              .            +INF         
5.1          .           150.0000        +INF         
5.2          .              .            +INF         
5.3          .           150.0000        +INF         
GAMS 25.1.1  r66732 Released May 19, 2018 LEX-LEG x86 64bit/Linux                                                                                                                                                                     09/30/18 19:42:55 Page 26
G e n e r a l   A l g e b r a i c   M o d e l i n g   S y s t e m
Solution Report     SOLVE pooling Using MINLP From line 216


---- VAR Bb1  

           LOWER          LEVEL          UPPER

1.1          .           150.0000        +INF         
1.2          .              .            +INF         
1.3          .              .            +INF         
2.1          .           125.0000        +INF         
2.2          .              .            +INF         
2.3          .           125.0000        +INF         
3.1          .              .            +INF         
3.2          .              .            +INF         
3.3          .              .            +INF         
4.1          .              .            +INF         
4.2          .              .            +INF         
4.3          .              .            +INF         
5.1          .           150.0000        +INF         
5.2          .              .            +INF         
5.3          .           150.0000        +INF         

---- VAR Bb2  

           LOWER          LEVEL          UPPER

1.1          .              .            +INF         
1.2          .           300.0000        +INF         
1.3          .           270.4964        +INF         
2.1          .              .            +INF         
2.2          .           226.8148        +INF         
2.3          .              .            +INF         
3.1          .              .            +INF         
3.2          .              .            +INF         
3.3          .              .            +INF         
4.1          .              .            +INF         
4.2          .              .            +INF         
4.3          .              .            +INF         
5.1          .              .            +INF         
5.2          .              .            +INF         
5.3          .              .            +INF         

---- VAR uf  

           LOWER          LEVEL          UPPER

1.1          .              .             1.0000      
1.2          .              .             1.0000      
1.3          .              .             1.0000      
2.1          .              .             1.0000      
2.2          .              .             1.0000      
2.3          .              .             1.0000      
3.1          .              .             1.0000      
3.2          .              .             1.0000      
3.3          .              .             1.0000      
GAMS 25.1.1  r66732 Released May 19, 2018 LEX-LEG x86 64bit/Linux                                                                                                                                                                     09/30/18 19:42:55 Page 27
G e n e r a l   A l g e b r a i c   M o d e l i n g   S y s t e m
Solution Report     SOLVE pooling Using MINLP From line 216


     VAR uf  

           LOWER          LEVEL          UPPER

4.1          .              .             1.0000      
4.2          .              .             1.0000      
4.3          .              .             1.0000      
5.1          .              .             1.0000      
5.2          .             1.0000         1.0000      
5.3          .              .             1.0000      

---- VAR ub  

           LOWER          LEVEL          UPPER

1.1          .             1.0000         1.0000      
1.2          .             1.0000         1.0000      
1.3          .             1.0000         1.0000      
2.1          .             1.0000         1.0000      
2.2          .             1.0000         1.0000      
2.3          .             1.0000         1.0000      
3.1          .              .             1.0000      
3.2          .              .             1.0000      
3.3          .              .             1.0000      
4.1          .              .             1.0000      
4.2          .              .             1.0000      
4.3          .              .             1.0000      
5.1          .             1.0000         1.0000      
5.2          .              .             1.0000      
5.3          .             1.0000         1.0000      

---- VAR ud  

           LOWER          LEVEL          UPPER

1.1          .              .             1.0000      
1.2          .              .             1.0000      
1.3          .              .             1.0000      
2.1          .              .             1.0000      
2.2          .              .             1.0000      
2.3          .              .             1.0000      
3.1          .              .             1.0000      
3.2          .              .             1.0000      
3.3          .              .             1.0000      
4.1          .              .             1.0000      
4.2          .              .             1.0000      
4.3          .              .             1.0000      
5.1          .              .             1.0000      
5.2          .              .             1.0000      
5.3          .              .             1.0000      
GAMS 25.1.1  r66732 Released May 19, 2018 LEX-LEG x86 64bit/Linux                                                                                                                                                                     09/30/18 19:42:55 Page 28
G e n e r a l   A l g e b r a i c   M o d e l i n g   S y s t e m
Solution Report     SOLVE pooling Using MINLP From line 216


---- VAR ub1  

           LOWER          LEVEL          UPPER

1.1          .             1.0000         1.0000      
1.2          .              .             1.0000      
1.3          .              .             1.0000      
2.1          .             1.0000         1.0000      
2.2          .              .             1.0000      
2.3          .             1.0000         1.0000      
3.1          .              .             1.0000      
3.2          .              .             1.0000      
3.3          .              .             1.0000      
4.1          .              .             1.0000      
4.2          .              .             1.0000      
4.3          .              .             1.0000      
5.1          .             1.0000         1.0000      
5.2          .              .             1.0000      
5.3          .             1.0000         1.0000      

---- VAR ub2  

           LOWER          LEVEL          UPPER

1.1          .              .             1.0000      
1.2          .             1.0000         1.0000      
1.3          .             1.0000         1.0000      
2.1          .              .             1.0000      
2.2          .             1.0000         1.0000      
2.3          .              .             1.0000      
3.1          .              .             1.0000      
3.2          .              .             1.0000      
3.3          .              .             1.0000      
4.1          .              .             1.0000      
4.2          .              .             1.0000      
4.3          .              .             1.0000      
5.1          .              .             1.0000      
5.2          .              .             1.0000      
5.3          .              .             1.0000      

---- VAR ud1  

           LOWER          LEVEL          UPPER

1.1          .             1.0000         1.0000      
1.2          .             1.0000         1.0000      
1.3          .             1.0000         1.0000      
2.1          .             1.0000         1.0000      
2.2          .             1.0000         1.0000      
2.3          .             1.0000         1.0000      
3.1          .             1.0000         1.0000      
3.2          .             1.0000         1.0000      
3.3          .             1.0000         1.0000      
GAMS 25.1.1  r66732 Released May 19, 2018 LEX-LEG x86 64bit/Linux                                                                                                                                                                     09/30/18 19:42:55 Page 29
G e n e r a l   A l g e b r a i c   M o d e l i n g   S y s t e m
Solution Report     SOLVE pooling Using MINLP From line 216


     VAR ud1  

           LOWER          LEVEL          UPPER

4.1          .             1.0000         1.0000      
4.2          .             1.0000         1.0000      
4.3          .             1.0000         1.0000      
5.1          .             1.0000         1.0000      
5.2          .             1.0000         1.0000      
5.3          .             1.0000         1.0000      

---- VAR ud2  

           LOWER          LEVEL          UPPER

1.1          .              .             1.0000      
1.2          .              .             1.0000      
1.3          .              .             1.0000      
2.1          .              .             1.0000      
2.2          .              .             1.0000      
2.3          .              .             1.0000      
3.1          .              .             1.0000      
3.2          .              .             1.0000      
3.3          .              .             1.0000      
4.1          .              .             1.0000      
4.2          .              .             1.0000      
4.3          .              .             1.0000      
5.1          .              .             1.0000      
5.2          .              .             1.0000      
5.3          .              .             1.0000      

---- VAR gamma_intlt  

         LOWER          LEVEL          UPPER

1          .             1.0000         1.0000      
2          .             1.0000         1.0000      
3          .              .             1.0000      
4          .              .             1.0000      
5          .             1.0000         1.0000      

---- VAR gamma_pool  

         LOWER          LEVEL          UPPER

1          .             1.0000         1.0000      
2          .              .             1.0000      
3          .              .             1.0000      
4          .             1.0000         1.0000      
GAMS 25.1.1  r66732 Released May 19, 2018 LEX-LEG x86 64bit/Linux                                                                                                                                                                     09/30/18 19:42:55 Page 30
G e n e r a l   A l g e b r a i c   M o d e l i n g   S y s t e m
Solution Report     SOLVE pooling Using MINLP From line 216


                           LOWER          LEVEL          UPPER

---- VAR obj               -INF        -1007.7890        +INF         


**** REPORT SUMMARY :        0     NONOPT
                             0 INFEASIBLE
                             0  UNBOUNDED
                             0     ERRORS
                            47  PROJECTED


EXECUTION TIME       =        0.003 SECONDS      2 MB  25.1.1 r66732 LEX-LEG


USER: Eval License Carnegie Mellon University        G180112/0001AS-GEN
      Dept. of Chemical Engineering                              DC9476
      License for teaching and research at degree granting institutions


**** FILE SUMMARY

Input      /home/canl1/PlasmoAlgorithms/examples/PoolingContract/fullspace3.gms
Output     /home/canl1/PlasmoAlgorithms/examples/PoolingContract/fullspace3.lst
